Copyright 1986-2022 Xilinx, Inc. All Rights Reserved. Copyright 2022-2023 Advanced Micro Devices, Inc. All Rights Reserved.
---------------------------------------------------------------------------------------------------------------------------------------------
| Tool Version : Vivado v.2023.2 (win64) Build 4029153 Fri Oct 13 20:14:34 MDT 2023
| Date         : Wed Jul 10 18:22:03 2024
| Host         : DESKTOP-096M6QE running 64-bit major release  (build 9200)
| Command      : report_control_sets -verbose -file top_pmodVGA_control_sets_placed.rpt
| Design       : top_pmodVGA
| Device       : xc7z007s
---------------------------------------------------------------------------------------------------------------------------------------------

Control Set Information

Table of Contents
-----------------
1. Summary
2. Histogram
3. Flip-Flop Distribution
4. Detailed Control Set Information

1. Summary
----------

+----------------------------------------------------------+-------+
|                          Status                          | Count |
+----------------------------------------------------------+-------+
| Total control sets                                       |     7 |
|    Minimum number of control sets                        |     7 |
|    Addition due to synthesis replication                 |     0 |
|    Addition due to physical synthesis replication        |     0 |
| Unused register locations in slices containing registers |    45 |
+----------------------------------------------------------+-------+
* Control sets can be merged at opt_design using control_set_merge or merge_equivalent_drivers
** Run report_qor_suggestions for automated merging and remapping suggestions


2. Histogram
------------

+--------------------+-------+
|       Fanout       | Count |
+--------------------+-------+
| Total control sets |     7 |
| >= 0 to < 4        |     5 |
| >= 4 to < 6        |     0 |
| >= 6 to < 8        |     0 |
| >= 8 to < 10       |     0 |
| >= 10 to < 12      |     2 |
| >= 12 to < 14      |     0 |
| >= 14 to < 16      |     0 |
| >= 16              |     0 |
+--------------------+-------+
* Control sets can be remapped at either synth_design or opt_design


3. Flip-Flop Distribution
-------------------------

+--------------+-----------------------+------------------------+-----------------+--------------+
| Clock Enable | Synchronous Set/Reset | Asynchronous Set/Reset | Total Registers | Total Slices |
+--------------+-----------------------+------------------------+-----------------+--------------+
| No           | No                    | No                     |               1 |            1 |
| No           | No                    | Yes                    |               0 |            0 |
| No           | Yes                   | No                     |               0 |            0 |
| Yes          | No                    | No                     |               4 |            4 |
| Yes          | No                    | Yes                    |               0 |            0 |
| Yes          | Yes                   | No                     |              22 |            6 |
+--------------+-----------------------+------------------------+-----------------+--------------+


4. Detailed Control Set Information
-----------------------------------

+------------------------+--------------------+-------------------------+------------------+----------------+--------------+
|      Clock Signal      |    Enable Signal   |     Set/Reset Signal    | Slice Load Count | Bel Load Count | Bels / Slice |
+------------------------+--------------------+-------------------------+------------------+----------------+--------------+
|  myVga/v_clk           | myVga/v_sync0_out  |                         |                1 |              1 |         1.00 |
|  myVga/v_clk           | myClks/inst/locked |                         |                1 |              1 |         1.00 |
|  myClks/inst/clk_148_5 |                    |                         |                1 |              1 |         1.00 |
|  myClks/inst/clk_148_5 | myVga/h_sync2_out  |                         |                1 |              1 |         1.00 |
|  myClks/inst/clk_148_5 | myClks/inst/locked |                         |                1 |              1 |         1.00 |
|  myVga/v_clk           | myClks/inst/locked | myVga/v_ctr[11]_i_1_n_0 |                3 |             11 |         3.67 |
|  myClks/inst/clk_148_5 | myClks/inst/locked | myVga/h_ctr[11]_i_1_n_0 |                3 |             11 |         3.67 |
+------------------------+--------------------+-------------------------+------------------+----------------+--------------+


