
*** Running vivado
    with args -log hdmi_tx_0.vds -m64 -product Vivado -mode batch -messageDb vivado.pb -notrace -source hdmi_tx_0.tcl


ECHO is off.
ECHO is off.

****** Vivado v2023.2 (64-bit)
  **** SW Build 4029153 on Fri Oct 13 20:14:34 MDT 2023
  **** IP Build 4028589 on Sat Oct 14 00:45:43 MDT 2023
  **** SharedData Build 4025554 on Tue Oct 10 17:18:54 MDT 2023
    ** Copyright 1986-2022 Xilinx, Inc. All Rights Reserved.
    ** Copyright 2022-2023 Advanced Micro Devices, Inc. All Rights Reserved.

source hdmi_tx_0.tcl -notrace
create_project: Time (s): cpu = 00:00:05 ; elapsed = 00:00:05 . Memory (MB): peak = 472.727 ; gain = 178.457
INFO: [IP_Flow 19-234] Refreshing IP repositories
INFO: [IP_Flow 19-1700] Loaded user IP repository 'c:/Users/Kyle/Downloads/RD_hdmi_ip2020'.
INFO: [IP_Flow 19-2313] Loaded Vivado IP repository 'C:/Xilinx/Vivado/2023.2/data/ip'.
WARNING: [IP_Flow 19-4995] The host OS only allows 260 characters in a normal path. The IP cache path is more than 80 characters. If you experience issues with IP caching, please consider changing the IP cache to a location with a shorter path. Alternately consider using the OS subst command to map part of the path to a drive letter. 
Current IP cache path is c:/Users/Kyle/blackboard/vga_hdmiIP_displayDriver/vga_hdmiIP_displayDriver.cache/ip 
INFO: [IP_Flow 19-6924] IPCACHE: Running cache check for IP inst: hdmi_tx_0
Command: synth_design -top hdmi_tx_0 -part xc7z007sclg400-1 -incremental_mode off -mode out_of_context
Starting synth_design
Attempting to get a license for feature 'Synthesis' and/or device 'xc7z007s'
INFO: [Common 17-349] Got license for feature 'Synthesis' and/or device 'xc7z007s'
INFO: [Device 21-403] Loading part xc7z007sclg400-1
INFO: [Synth 8-7079] Multithreading enabled for synth_design using a maximum of 2 processes.
INFO: [Synth 8-7078] Launching helper process for spawning children vivado processes
INFO: [Synth 8-7075] Helper process launched with PID 15364
---------------------------------------------------------------------------------
Starting RTL Elaboration : Time (s): cpu = 00:00:06 ; elapsed = 00:00:05 . Memory (MB): peak = 1319.988 ; gain = 440.582
---------------------------------------------------------------------------------
WARNING: [Synth 8-11065] parameter 'CTRLTOKEN0' becomes localparam in 'encode' with formal parameter declaration list [c:/Users/Kyle/blackboard/vga_hdmiIP_displayDriver/vga_hdmiIP_displayDriver.gen/sources_1/ip/hdmi_tx_0/hdl/encode.v:145]
WARNING: [Synth 8-11065] parameter 'CTRLTOKEN1' becomes localparam in 'encode' with formal parameter declaration list [c:/Users/Kyle/blackboard/vga_hdmiIP_displayDriver/vga_hdmiIP_displayDriver.gen/sources_1/ip/hdmi_tx_0/hdl/encode.v:146]
WARNING: [Synth 8-11065] parameter 'CTRLTOKEN2' becomes localparam in 'encode' with formal parameter declaration list [c:/Users/Kyle/blackboard/vga_hdmiIP_displayDriver/vga_hdmiIP_displayDriver.gen/sources_1/ip/hdmi_tx_0/hdl/encode.v:147]
WARNING: [Synth 8-11065] parameter 'CTRLTOKEN3' becomes localparam in 'encode' with formal parameter declaration list [c:/Users/Kyle/blackboard/vga_hdmiIP_displayDriver/vga_hdmiIP_displayDriver.gen/sources_1/ip/hdmi_tx_0/hdl/encode.v:148]
INFO: [Synth 8-6157] synthesizing module 'hdmi_tx_0' [c:/Users/Kyle/blackboard/vga_hdmiIP_displayDriver/vga_hdmiIP_displayDriver.gen/sources_1/ip/hdmi_tx_0/synth/hdmi_tx_0.v:53]
INFO: [Synth 8-6157] synthesizing module 'hdmi_tx_v1_0' [c:/Users/Kyle/blackboard/vga_hdmiIP_displayDriver/vga_hdmiIP_displayDriver.gen/sources_1/ip/hdmi_tx_0/hdl/hdmi_tx_v1_0.v:70]
INFO: [Synth 8-6157] synthesizing module 'srldelay' [c:/Users/Kyle/blackboard/vga_hdmiIP_displayDriver/vga_hdmiIP_displayDriver.gen/sources_1/ip/hdmi_tx_0/hdl/srldelay.v:70]
INFO: [Synth 8-6157] synthesizing module 'SRL16E' [C:/Xilinx/Vivado/2023.2/scripts/rt/data/unisim_comp.v:133737]
INFO: [Synth 8-6155] done synthesizing module 'SRL16E' (0#1) [C:/Xilinx/Vivado/2023.2/scripts/rt/data/unisim_comp.v:133737]
INFO: [Synth 8-6155] done synthesizing module 'srldelay' (0#1) [c:/Users/Kyle/blackboard/vga_hdmiIP_displayDriver/vga_hdmiIP_displayDriver.gen/sources_1/ip/hdmi_tx_0/hdl/srldelay.v:70]
INFO: [Synth 8-6157] synthesizing module 'encode' [c:/Users/Kyle/blackboard/vga_hdmiIP_displayDriver/vga_hdmiIP_displayDriver.gen/sources_1/ip/hdmi_tx_0/hdl/encode.v:79]
INFO: [Synth 8-6155] done synthesizing module 'encode' (0#1) [c:/Users/Kyle/blackboard/vga_hdmiIP_displayDriver/vga_hdmiIP_displayDriver.gen/sources_1/ip/hdmi_tx_0/hdl/encode.v:79]
INFO: [Synth 8-6157] synthesizing module 'encode__parameterized0' [c:/Users/Kyle/blackboard/vga_hdmiIP_displayDriver/vga_hdmiIP_displayDriver.gen/sources_1/ip/hdmi_tx_0/hdl/encode.v:79]
INFO: [Synth 8-6155] done synthesizing module 'encode__parameterized0' (0#1) [c:/Users/Kyle/blackboard/vga_hdmiIP_displayDriver/vga_hdmiIP_displayDriver.gen/sources_1/ip/hdmi_tx_0/hdl/encode.v:79]
INFO: [Synth 8-6157] synthesizing module 'encode__parameterized1' [c:/Users/Kyle/blackboard/vga_hdmiIP_displayDriver/vga_hdmiIP_displayDriver.gen/sources_1/ip/hdmi_tx_0/hdl/encode.v:79]
INFO: [Synth 8-6155] done synthesizing module 'encode__parameterized1' (0#1) [c:/Users/Kyle/blackboard/vga_hdmiIP_displayDriver/vga_hdmiIP_displayDriver.gen/sources_1/ip/hdmi_tx_0/hdl/encode.v:79]
INFO: [Synth 8-6157] synthesizing module 'serdes_10_to_1' [c:/Users/Kyle/blackboard/vga_hdmiIP_displayDriver/vga_hdmiIP_displayDriver.gen/sources_1/ip/hdmi_tx_0/hdl/serdes_10_to_1.v:43]
INFO: [Synth 8-6157] synthesizing module 'OSERDESE2' [C:/Xilinx/Vivado/2023.2/scripts/rt/data/unisim_comp.v:97310]
INFO: [Synth 8-6155] done synthesizing module 'OSERDESE2' (0#1) [C:/Xilinx/Vivado/2023.2/scripts/rt/data/unisim_comp.v:97310]
INFO: [Synth 8-6157] synthesizing module 'OSERDESE2__parameterized0' [C:/Xilinx/Vivado/2023.2/scripts/rt/data/unisim_comp.v:97310]
INFO: [Synth 8-6155] done synthesizing module 'OSERDESE2__parameterized0' (0#1) [C:/Xilinx/Vivado/2023.2/scripts/rt/data/unisim_comp.v:97310]
INFO: [Synth 8-6155] done synthesizing module 'serdes_10_to_1' (0#1) [c:/Users/Kyle/blackboard/vga_hdmiIP_displayDriver/vga_hdmiIP_displayDriver.gen/sources_1/ip/hdmi_tx_0/hdl/serdes_10_to_1.v:43]
INFO: [Synth 8-6157] synthesizing module 'OBUFDS' [C:/Xilinx/Vivado/2023.2/scripts/rt/data/unisim_comp.v:93073]
INFO: [Synth 8-6155] done synthesizing module 'OBUFDS' (0#1) [C:/Xilinx/Vivado/2023.2/scripts/rt/data/unisim_comp.v:93073]
INFO: [Synth 8-6155] done synthesizing module 'hdmi_tx_v1_0' (0#1) [c:/Users/Kyle/blackboard/vga_hdmiIP_displayDriver/vga_hdmiIP_displayDriver.gen/sources_1/ip/hdmi_tx_0/hdl/hdmi_tx_v1_0.v:70]
INFO: [Synth 8-6155] done synthesizing module 'hdmi_tx_0' (0#1) [c:/Users/Kyle/blackboard/vga_hdmiIP_displayDriver/vga_hdmiIP_displayDriver.gen/sources_1/ip/hdmi_tx_0/synth/hdmi_tx_0.v:53]
WARNING: [Synth 8-6014] Unused sequential element hdmi_ctl1_reg was removed.  [c:/Users/Kyle/blackboard/vga_hdmiIP_displayDriver/vga_hdmiIP_displayDriver.gen/sources_1/ip/hdmi_tx_0/hdl/hdmi_tx_v1_0.v:148]
---------------------------------------------------------------------------------
Finished RTL Elaboration : Time (s): cpu = 00:00:07 ; elapsed = 00:00:07 . Memory (MB): peak = 1432.410 ; gain = 553.004
---------------------------------------------------------------------------------
---------------------------------------------------------------------------------
Start Handling Custom Attributes
---------------------------------------------------------------------------------
---------------------------------------------------------------------------------
Finished Handling Custom Attributes : Time (s): cpu = 00:00:08 ; elapsed = 00:00:08 . Memory (MB): peak = 1432.410 ; gain = 553.004
---------------------------------------------------------------------------------
---------------------------------------------------------------------------------
Finished RTL Optimization Phase 1 : Time (s): cpu = 00:00:08 ; elapsed = 00:00:08 . Memory (MB): peak = 1432.410 ; gain = 553.004
---------------------------------------------------------------------------------
Netlist sorting complete. Time (s): cpu = 00:00:00 ; elapsed = 00:00:00.009 . Memory (MB): peak = 1432.410 ; gain = 0.000
INFO: [Netlist 29-17] Analyzing 4 Unisim elements for replacement
INFO: [Netlist 29-28] Unisim Transformation completed in 0 CPU seconds
INFO: [Project 1-570] Preparing netlist for logic optimization

Processing XDC Constraints
Initializing timing engine
Completed Processing XDC Constraints

Netlist sorting complete. Time (s): cpu = 00:00:00 ; elapsed = 00:00:00 . Memory (MB): peak = 1457.648 ; gain = 0.000
INFO: [Project 1-111] Unisim Transformation Summary:
No Unisim elements were transformed.

The system cannot find the path specified.
Constraint Validation Runtime : Time (s): cpu = 00:00:00 ; elapsed = 00:00:00.020 . Memory (MB): peak = 1458.609 ; gain = 0.961
INFO: [Designutils 20-5008] Incremental synthesis strategy off
---------------------------------------------------------------------------------
Finished Constraint Validation : Time (s): cpu = 00:00:15 ; elapsed = 00:00:15 . Memory (MB): peak = 1458.609 ; gain = 579.203
---------------------------------------------------------------------------------
---------------------------------------------------------------------------------
Start Loading Part and Timing Information
---------------------------------------------------------------------------------
Loading part: xc7z007sclg400-1
---------------------------------------------------------------------------------
Finished Loading Part and Timing Information : Time (s): cpu = 00:00:15 ; elapsed = 00:00:15 . Memory (MB): peak = 1458.609 ; gain = 579.203
---------------------------------------------------------------------------------
---------------------------------------------------------------------------------
Start Applying 'set_property' XDC Constraints
---------------------------------------------------------------------------------
---------------------------------------------------------------------------------
Finished applying 'set_property' XDC Constraints : Time (s): cpu = 00:00:15 ; elapsed = 00:00:15 . Memory (MB): peak = 1458.609 ; gain = 579.203
---------------------------------------------------------------------------------
---------------------------------------------------------------------------------
Finished RTL Optimization Phase 2 : Time (s): cpu = 00:00:15 ; elapsed = 00:00:15 . Memory (MB): peak = 1458.609 ; gain = 579.203
---------------------------------------------------------------------------------
---------------------------------------------------------------------------------
Start RTL Component Statistics 
---------------------------------------------------------------------------------
Detailed RTL Component Info : 
+---Adders : 
	   5 Input    5 Bit       Adders := 6     
	   4 Input    5 Bit       Adders := 3     
	   8 Input    4 Bit       Adders := 6     
	   2 Input    4 Bit       Adders := 3     
+---XORs : 
	   2 Input      1 Bit         XORs := 42    
+---Registers : 
	               10 Bit    Registers := 3     
	                9 Bit    Registers := 3     
	                8 Bit    Registers := 3     
	                5 Bit    Registers := 3     
	                4 Bit    Registers := 15    
	                1 Bit    Registers := 33    
+---Muxes : 
	   2 Input   10 Bit        Muxes := 6     
	  22 Input   10 Bit        Muxes := 1     
	   4 Input   10 Bit        Muxes := 2     
	   2 Input    8 Bit        Muxes := 3     
	   2 Input    5 Bit        Muxes := 12    
	   2 Input    4 Bit        Muxes := 4     
	   2 Input    1 Bit        Muxes := 21    
---------------------------------------------------------------------------------
Finished RTL Component Statistics 
---------------------------------------------------------------------------------
---------------------------------------------------------------------------------
Start Part Resource Summary
---------------------------------------------------------------------------------
Part Resources:
DSPs: 66 (col length:40)
BRAMs: 100 (col length: RAMB18 40 RAMB36 20)
---------------------------------------------------------------------------------
Finished Part Resource Summary
---------------------------------------------------------------------------------
---------------------------------------------------------------------------------
Start Cross Boundary and Area Optimization
---------------------------------------------------------------------------------
WARNING: [Synth 8-7080] Parallel synthesis criteria is not met
---------------------------------------------------------------------------------
Finished Cross Boundary and Area Optimization : Time (s): cpu = 00:00:20 ; elapsed = 00:00:20 . Memory (MB): peak = 1458.609 ; gain = 579.203
---------------------------------------------------------------------------------
---------------------------------------------------------------------------------
Start Applying XDC Timing Constraints
---------------------------------------------------------------------------------
---------------------------------------------------------------------------------
Finished Applying XDC Timing Constraints : Time (s): cpu = 00:00:25 ; elapsed = 00:00:25 . Memory (MB): peak = 1458.609 ; gain = 579.203
---------------------------------------------------------------------------------
---------------------------------------------------------------------------------
Start Timing Optimization
---------------------------------------------------------------------------------
---------------------------------------------------------------------------------
Finished Timing Optimization : Time (s): cpu = 00:00:25 ; elapsed = 00:00:25 . Memory (MB): peak = 1458.609 ; gain = 579.203
---------------------------------------------------------------------------------
---------------------------------------------------------------------------------
Start Technology Mapping
---------------------------------------------------------------------------------
---------------------------------------------------------------------------------
Finished Technology Mapping : Time (s): cpu = 00:00:25 ; elapsed = 00:00:26 . Memory (MB): peak = 1458.609 ; gain = 579.203
---------------------------------------------------------------------------------
---------------------------------------------------------------------------------
Start IO Insertion
---------------------------------------------------------------------------------
---------------------------------------------------------------------------------
Start Flattening Before IO Insertion
---------------------------------------------------------------------------------
---------------------------------------------------------------------------------
Finished Flattening Before IO Insertion
---------------------------------------------------------------------------------
---------------------------------------------------------------------------------
Start Final Netlist Cleanup
---------------------------------------------------------------------------------
---------------------------------------------------------------------------------
Finished Final Netlist Cleanup
---------------------------------------------------------------------------------
---------------------------------------------------------------------------------
Finished IO Insertion : Time (s): cpu = 00:00:30 ; elapsed = 00:00:30 . Memory (MB): peak = 1458.609 ; gain = 579.203
---------------------------------------------------------------------------------
---------------------------------------------------------------------------------
Start Renaming Generated Instances
---------------------------------------------------------------------------------
---------------------------------------------------------------------------------
Finished Renaming Generated Instances : Time (s): cpu = 00:00:30 ; elapsed = 00:00:30 . Memory (MB): peak = 1458.609 ; gain = 579.203
---------------------------------------------------------------------------------
---------------------------------------------------------------------------------
Start Rebuilding User Hierarchy
---------------------------------------------------------------------------------
---------------------------------------------------------------------------------
Finished Rebuilding User Hierarchy : Time (s): cpu = 00:00:30 ; elapsed = 00:00:30 . Memory (MB): peak = 1458.609 ; gain = 579.203
---------------------------------------------------------------------------------
---------------------------------------------------------------------------------
Start Renaming Generated Ports
---------------------------------------------------------------------------------
---------------------------------------------------------------------------------
Finished Renaming Generated Ports : Time (s): cpu = 00:00:30 ; elapsed = 00:00:30 . Memory (MB): peak = 1458.609 ; gain = 579.203
---------------------------------------------------------------------------------
---------------------------------------------------------------------------------
Start Handling Custom Attributes
---------------------------------------------------------------------------------
---------------------------------------------------------------------------------
Finished Handling Custom Attributes : Time (s): cpu = 00:00:30 ; elapsed = 00:00:30 . Memory (MB): peak = 1458.609 ; gain = 579.203
---------------------------------------------------------------------------------
---------------------------------------------------------------------------------
Start Renaming Generated Nets
---------------------------------------------------------------------------------
---------------------------------------------------------------------------------
Finished Renaming Generated Nets : Time (s): cpu = 00:00:30 ; elapsed = 00:00:30 . Memory (MB): peak = 1458.609 ; gain = 579.203
---------------------------------------------------------------------------------
---------------------------------------------------------------------------------
Start ROM, RAM, DSP, Shift Register and Retiming Reporting
---------------------------------------------------------------------------------

Static Shift Register Report:
+------------+----------------------+--------+-------+--------------+--------------------+-------------------+--------+---------+
|Module Name | RTL Name             | Length | Width | Reset Signal | Pull out first Reg | Pull out last Reg | SRL16E | SRLC32E | 
+------------+----------------------+--------+-------+--------------+--------------------+-------------------+--------+---------+
|hdmi_tx_0   | inst/encg/c0_reg_reg | 3      | 1     | NO           | NO                 | YES               | 1      | 0       | 
|hdmi_tx_0   | inst/encr/c0_reg_reg | 3      | 1     | NO           | NO                 | YES               | 1      | 0       | 
+------------+----------------------+--------+-------+--------------+--------------------+-------------------+--------+---------+

---------------------------------------------------------------------------------
Finished ROM, RAM, DSP, Shift Register and Retiming Reporting
---------------------------------------------------------------------------------
---------------------------------------------------------------------------------
Start Writing Synthesis Report
---------------------------------------------------------------------------------

Report BlackBoxes: 
+-+--------------+----------+
| |BlackBox name |Instances |
+-+--------------+----------+
+-+--------------+----------+

Report Cell Usage: 
+------+----------+------+
|      |Cell      |Count |
+------+----------+------+
|1     |LUT2      |    10|
|2     |LUT3      |    39|
|3     |LUT4      |    32|
|4     |LUT5      |    76|
|5     |LUT6      |   121|
|6     |MUXF7     |     1|
|7     |OSERDESE2 |     8|
|9     |SRL16E    |    40|
|10    |FDCE      |    42|
|11    |FDRE      |   113|
|12    |OBUFDS    |     4|
+------+----------+------+
---------------------------------------------------------------------------------
Finished Writing Synthesis Report : Time (s): cpu = 00:00:30 ; elapsed = 00:00:30 . Memory (MB): peak = 1458.609 ; gain = 579.203
---------------------------------------------------------------------------------
Synthesis finished with 0 errors, 0 critical warnings and 1 warnings.
Synthesis Optimization Runtime : Time (s): cpu = 00:00:21 ; elapsed = 00:00:28 . Memory (MB): peak = 1458.609 ; gain = 553.004
Synthesis Optimization Complete : Time (s): cpu = 00:00:30 ; elapsed = 00:00:30 . Memory (MB): peak = 1458.609 ; gain = 579.203
INFO: [Project 1-571] Translating synthesized netlist
Netlist sorting complete. Time (s): cpu = 00:00:00 ; elapsed = 00:00:00.007 . Memory (MB): peak = 1458.609 ; gain = 0.000
INFO: [Netlist 29-17] Analyzing 5 Unisim elements for replacement
INFO: [Netlist 29-28] Unisim Transformation completed in 0 CPU seconds
INFO: [Project 1-570] Preparing netlist for logic optimization
INFO: [Opt 31-138] Pushed 0 inverter(s) to 0 load pin(s).
Netlist sorting complete. Time (s): cpu = 00:00:00 ; elapsed = 00:00:00 . Memory (MB): peak = 1464.852 ; gain = 0.000
INFO: [Project 1-111] Unisim Transformation Summary:
No Unisim elements were transformed.

The system cannot find the path specified.
Synth Design complete | Checksum: 9b72d9db
INFO: [Common 17-83] Releasing license: Synthesis
43 Infos, 7 Warnings, 0 Critical Warnings and 0 Errors encountered.
synth_design completed successfully
synth_design: Time (s): cpu = 00:00:34 ; elapsed = 00:00:35 . Memory (MB): peak = 1464.852 ; gain = 978.426
Write ShapeDB Complete: Time (s): cpu = 00:00:00 ; elapsed = 00:00:00.001 . Memory (MB): peak = 1464.852 ; gain = 0.000
INFO: [Common 17-1381] The checkpoint 'C:/Users/Kyle/blackboard/vga_hdmiIP_displayDriver/vga_hdmiIP_displayDriver.runs/hdmi_tx_0_synth_1/hdmi_tx_0.dcp' has been generated.
INFO: [Coretcl 2-1648] Added synthesis output to IP cache for IP hdmi_tx_0, cache-ID = 86f23d3caf6edffd
INFO: [Coretcl 2-1174] Renamed 9 cell refs.
Write ShapeDB Complete: Time (s): cpu = 00:00:00 ; elapsed = 00:00:00.001 . Memory (MB): peak = 1464.852 ; gain = 0.000
INFO: [Common 17-1381] The checkpoint 'C:/Users/Kyle/blackboard/vga_hdmiIP_displayDriver/vga_hdmiIP_displayDriver.runs/hdmi_tx_0_synth_1/hdmi_tx_0.dcp' has been generated.
INFO: [runtcl-4] Executing : report_utilization -file hdmi_tx_0_utilization_synth.rpt -pb hdmi_tx_0_utilization_synth.pb
INFO: [Common 17-206] Exiting Vivado at Tue Jul  2 00:12:50 2024...
