#-----------------------------------------------------------
# Vivado v2023.2 (64-bit)
# SW Build 4029153 on Fri Oct 13 20:14:34 MDT 2023
# IP Build 4028589 on Sat Oct 14 00:45:43 MDT 2023
# SharedData Build 4025554 on Tue Oct 10 17:18:54 MDT 2023
# Start of session at: Tue Jul  2 00:12:07 2024
# Process ID: 5360
# Current directory: C:/Users/Kyle/blackboard/vga_hdmiIP_displayDriver/vga_hdmiIP_displayDriver.runs/hdmi_tx_0_synth_1
# Command line: vivado.exe -log hdmi_tx_0.vds -product Vivado -mode batch -messageDb vivado.pb -notrace -source hdmi_tx_0.tcl
# Log file: C:/Users/Kyle/blackboard/vga_hdmiIP_displayDriver/vga_hdmiIP_displayDriver.runs/hdmi_tx_0_synth_1/hdmi_tx_0.vds
# Journal file: C:/Users/Kyle/blackboard/vga_hdmiIP_displayDriver/vga_hdmiIP_displayDriver.runs/hdmi_tx_0_synth_1\vivado.jou
# Running On: DESKTOP-096M6QE, OS: Windows, CPU Frequency: 3593 MHz, CPU Physical cores: 12, Host memory: 17099 MB
#-----------------------------------------------------------
source hdmi_tx_0.tcl -notrace
